// Jest Snapshot v1, https://goo.gl/fbAQLP

exports[`integration: graph snapshot produces a stable graph from cdk-tree.json with all default and project rules 1`] = `
{
  "containers": [
    {
      "containerType": "lambda",
      "groupId": "agents",
      "id": "PromoPilot-alpha-AsyncLifecycle/LifecycleLambda",
      "label": "LifecycleLambda",
    },
    {
      "containerType": "state-machine",
      "groupId": "agents",
      "id": "PromoPilot-alpha-AsyncLifecycle/LifecycleStateMachine",
      "label": "LifecycleStateMachine",
    },
    {
      "containerType": "lambda",
      "groupId": "canaries",
      "id": "PromoPilot-alpha-Canary/CanaryRotation",
      "label": "CanaryRotation",
    },
    {
      "containerType": "lambda",
      "groupId": "canaries",
      "id": "PromoPilot-alpha-Canary/CanaryRunner",
      "label": "CanaryRunner",
    },
    {
      "containerType": "ssm-parameter",
      "groupId": "canaries",
      "id": "PromoPilot-alpha-Canary/CanaryTestEmployee",
      "label": "CanaryTestEmployee",
    },
    {
      "containerType": "lambda",
      "groupId": "canaries",
      "id": "PromoPilot-alpha-Canary/RestApiCanaryRunner",
      "label": "RestApiCanaryRunner",
    },
    {
      "containerType": "lambda",
      "groupId": "canaries",
      "id": "PromoPilot-alpha-Canary/ReviewerFinderCanary",
      "label": "ReviewerFinderCanary",
    },
    {
      "containerType": "lambda",
      "groupId": "canaries",
      "id": "PromoPilot-alpha-Canary/ReviewerSorterCanary",
      "label": "ReviewerSorterCanary",
    },
    {
      "containerType": "lambda",
      "id": "PromoPilot-alpha-ChatProxy/ChatRelayDispatcher",
      "label": "ChatRelayDispatcher",
    },
    {
      "containerType": "lambda",
      "id": "PromoPilot-alpha-ChatProxy/ChatRelayWorker",
      "label": "ChatRelayWorker",
    },
    {
      "containerType": "dynamodb",
      "id": "PromoPilot-alpha-ChatProxy/ChatSessionTable",
      "label": "ChatSessionTable",
    },
    {
      "containerType": "apigw-websocket",
      "id": "PromoPilot-alpha-ChatProxy/ChatWebSocketApi",
      "label": "ChatWebSocketApi",
    },
    {
      "containerType": "dynamodb",
      "id": "PromoPilot-alpha-ChatProxy/PromoPilotTable",
      "label": "PromoPilotTable",
    },
    {
      "containerType": "agentcore-gateway",
      "groupId": "agents",
      "id": "PromoPilot-alpha-Gateway/Gateway/Resource",
      "label": "Gateway",
    },
    {
      "containerType": "lambda",
      "groupId": "agents",
      "id": "PromoPilot-alpha-Mcp/McpLambda",
      "label": "McpLambda",
    },
    {
      "containerType": "lambda",
      "id": "PromoPilot-alpha-RestApi/ServiceLambda",
      "label": "ServiceLambda",
    },
    {
      "containerType": "apigw-rest",
      "id": "PromoPilot-alpha-RestApi/ServiceRestApi",
      "label": "ServiceRestApi",
    },
    {
      "containerType": "agentcore-runtime",
      "groupId": "agents",
      "id": "PromoPilot-alpha-Runtime/AgentCoreRuntime",
      "label": "AgentCoreRuntime",
    },
    {
      "containerType": "secret",
      "groupId": "agents",
      "id": "PromoPilot-alpha-Secrets/SlackBotToken",
      "label": "SlackBotToken",
    },
    {
      "containerType": "lambda",
      "groupId": "agents",
      "id": "PromoPilot-beta-AsyncLifecycle/LifecycleLambda",
      "label": "LifecycleLambda",
    },
    {
      "containerType": "state-machine",
      "groupId": "agents",
      "id": "PromoPilot-beta-AsyncLifecycle/LifecycleStateMachine",
      "label": "LifecycleStateMachine",
    },
    {
      "containerType": "lambda",
      "groupId": "canaries",
      "id": "PromoPilot-beta-Canary/CanaryRotation",
      "label": "CanaryRotation",
    },
    {
      "containerType": "lambda",
      "groupId": "canaries",
      "id": "PromoPilot-beta-Canary/CanaryRunner",
      "label": "CanaryRunner",
    },
    {
      "containerType": "ssm-parameter",
      "groupId": "canaries",
      "id": "PromoPilot-beta-Canary/CanaryTestEmployee",
      "label": "CanaryTestEmployee",
    },
    {
      "containerType": "lambda",
      "groupId": "canaries",
      "id": "PromoPilot-beta-Canary/RestApiCanaryRunner",
      "label": "RestApiCanaryRunner",
    },
    {
      "containerType": "lambda",
      "groupId": "canaries",
      "id": "PromoPilot-beta-Canary/ReviewerFinderCanary",
      "label": "ReviewerFinderCanary",
    },
    {
      "containerType": "lambda",
      "groupId": "canaries",
      "id": "PromoPilot-beta-Canary/ReviewerSorterCanary",
      "label": "ReviewerSorterCanary",
    },
    {
      "containerType": "lambda",
      "id": "PromoPilot-beta-ChatProxy/ChatRelayDispatcher",
      "label": "ChatRelayDispatcher",
    },
    {
      "containerType": "lambda",
      "id": "PromoPilot-beta-ChatProxy/ChatRelayWorker",
      "label": "ChatRelayWorker",
    },
    {
      "containerType": "dynamodb",
      "id": "PromoPilot-beta-ChatProxy/ChatSessionTable",
      "label": "ChatSessionTable",
    },
    {
      "containerType": "apigw-websocket",
      "id": "PromoPilot-beta-ChatProxy/ChatWebSocketApi",
      "label": "ChatWebSocketApi",
    },
    {
      "containerType": "dynamodb",
      "id": "PromoPilot-beta-ChatProxy/PromoPilotTable",
      "label": "PromoPilotTable",
    },
    {
      "containerType": "agentcore-gateway",
      "groupId": "agents",
      "id": "PromoPilot-beta-Gateway/Gateway/Resource",
      "label": "Gateway",
    },
    {
      "containerType": "lambda",
      "groupId": "agents",
      "id": "PromoPilot-beta-Mcp/McpLambda",
      "label": "McpLambda",
    },
    {
      "containerType": "lambda",
      "id": "PromoPilot-beta-RestApi/ServiceLambda",
      "label": "ServiceLambda",
    },
    {
      "containerType": "apigw-rest",
      "id": "PromoPilot-beta-RestApi/ServiceRestApi",
      "label": "ServiceRestApi",
    },
    {
      "containerType": "agentcore-runtime",
      "groupId": "agents",
      "id": "PromoPilot-beta-Runtime/AgentCoreRuntime",
      "label": "AgentCoreRuntime",
    },
    {
      "containerType": "secret",
      "groupId": "agents",
      "id": "PromoPilot-beta-Secrets/SlackBotToken",
      "label": "SlackBotToken",
    },
    {
      "containerType": "lambda",
      "groupId": "agents",
      "id": "PromoPilot-gamma-AsyncLifecycle/LifecycleLambda",
      "label": "LifecycleLambda",
    },
    {
      "containerType": "state-machine",
      "groupId": "agents",
      "id": "PromoPilot-gamma-AsyncLifecycle/LifecycleStateMachine",
      "label": "LifecycleStateMachine",
    },
    {
      "containerType": "lambda",
      "groupId": "canaries",
      "id": "PromoPilot-gamma-Canary/CanaryRotation",
      "label": "CanaryRotation",
    },
    {
      "containerType": "lambda",
      "groupId": "canaries",
      "id": "PromoPilot-gamma-Canary/CanaryRunner",
      "label": "CanaryRunner",
    },
    {
      "containerType": "ssm-parameter",
      "groupId": "canaries",
      "id": "PromoPilot-gamma-Canary/CanaryTestEmployee",
      "label": "CanaryTestEmployee",
    },
    {
      "containerType": "lambda",
      "groupId": "canaries",
      "id": "PromoPilot-gamma-Canary/RestApiCanaryRunner",
      "label": "RestApiCanaryRunner",
    },
    {
      "containerType": "lambda",
      "groupId": "canaries",
      "id": "PromoPilot-gamma-Canary/ReviewerFinderCanary",
      "label": "ReviewerFinderCanary",
    },
    {
      "containerType": "lambda",
      "groupId": "canaries",
      "id": "PromoPilot-gamma-Canary/ReviewerSorterCanary",
      "label": "ReviewerSorterCanary",
    },
    {
      "containerType": "lambda",
      "id": "PromoPilot-gamma-ChatProxy/ChatRelayDispatcher",
      "label": "ChatRelayDispatcher",
    },
    {
      "containerType": "lambda",
      "id": "PromoPilot-gamma-ChatProxy/ChatRelayWorker",
      "label": "ChatRelayWorker",
    },
    {
      "containerType": "dynamodb",
      "id": "PromoPilot-gamma-ChatProxy/ChatSessionTable",
      "label": "ChatSessionTable",
    },
    {
      "containerType": "apigw-websocket",
      "id": "PromoPilot-gamma-ChatProxy/ChatWebSocketApi",
      "label": "ChatWebSocketApi",
    },
    {
      "containerType": "dynamodb",
      "id": "PromoPilot-gamma-ChatProxy/PromoPilotTable",
      "label": "PromoPilotTable",
    },
    {
      "containerType": "agentcore-gateway",
      "groupId": "agents",
      "id": "PromoPilot-gamma-Gateway/Gateway/Resource",
      "label": "Gateway",
    },
    {
      "containerType": "lambda",
      "groupId": "agents",
      "id": "PromoPilot-gamma-Mcp/McpLambda",
      "label": "McpLambda",
    },
    {
      "containerType": "lambda",
      "id": "PromoPilot-gamma-RestApi/ServiceLambda",
      "label": "ServiceLambda",
    },
    {
      "containerType": "apigw-rest",
      "id": "PromoPilot-gamma-RestApi/ServiceRestApi",
      "label": "ServiceRestApi",
    },
    {
      "containerType": "agentcore-runtime",
      "groupId": "agents",
      "id": "PromoPilot-gamma-Runtime/AgentCoreRuntime",
      "label": "AgentCoreRuntime",
    },
    {
      "containerType": "secret",
      "groupId": "agents",
      "id": "PromoPilot-gamma-Secrets/SlackBotToken",
      "label": "SlackBotToken",
    },
  ],
  "edges": [
    {
      "id": "PromoPilot-alpha-AsyncLifecycle/LifecycleLambda--PromoPilot-alpha-Runtime/AgentCoreRuntime",
      "label": "invokes",
      "sourceId": "PromoPilot-alpha-AsyncLifecycle/LifecycleLambda",
      "targetId": "PromoPilot-alpha-Runtime/AgentCoreRuntime",
    },
    {
      "id": "PromoPilot-alpha-AsyncLifecycle/LifecycleStateMachine--PromoPilot-beta-AsyncLifecycle/LifecycleLambda",
      "label": "invokes",
      "sourceId": "PromoPilot-alpha-AsyncLifecycle/LifecycleStateMachine",
      "targetId": "PromoPilot-beta-AsyncLifecycle/LifecycleLambda",
    },
    {
      "id": "PromoPilot-alpha-Canary/CanaryRotation--PromoPilot-alpha-Mcp/McpLambda",
      "label": "invokes (via alias)",
      "sourceId": "PromoPilot-alpha-Canary/CanaryRotation",
      "targetId": "PromoPilot-alpha-Mcp/McpLambda",
    },
    {
      "id": "PromoPilot-alpha-Canary/CanaryRotation--PromoPilot-beta-Canary/CanaryTestEmployee",
      "label": "writes",
      "sourceId": "PromoPilot-alpha-Canary/CanaryRotation",
      "targetId": "PromoPilot-beta-Canary/CanaryTestEmployee",
    },
    {
      "id": "PromoPilot-alpha-Canary/CanaryRunner--PromoPilot-alpha-ChatProxy/ChatWebSocketApi",
      "label": "invokes",
      "sourceId": "PromoPilot-alpha-Canary/CanaryRunner",
      "targetId": "PromoPilot-alpha-ChatProxy/ChatWebSocketApi",
    },
    {
      "id": "PromoPilot-alpha-Canary/CanaryRunner--PromoPilot-beta-Canary/CanaryTestEmployee",
      "label": "writes",
      "sourceId": "PromoPilot-alpha-Canary/CanaryRunner",
      "targetId": "PromoPilot-beta-Canary/CanaryTestEmployee",
    },
    {
      "id": "PromoPilot-alpha-Canary/RestApiCanaryRunner--PromoPilot-alpha-RestApi/ServiceRestApi",
      "label": "invokes",
      "sourceId": "PromoPilot-alpha-Canary/RestApiCanaryRunner",
      "targetId": "PromoPilot-alpha-RestApi/ServiceRestApi",
    },
    {
      "id": "PromoPilot-alpha-Canary/RestApiCanaryRunner--PromoPilot-beta-Canary/CanaryTestEmployee",
      "label": "writes",
      "sourceId": "PromoPilot-alpha-Canary/RestApiCanaryRunner",
      "targetId": "PromoPilot-beta-Canary/CanaryTestEmployee",
    },
    {
      "id": "PromoPilot-alpha-Canary/ReviewerFinderCanary--PromoPilot-alpha-Runtime/AgentCoreRuntime",
      "label": "invokes",
      "sourceId": "PromoPilot-alpha-Canary/ReviewerFinderCanary",
      "targetId": "PromoPilot-alpha-Runtime/AgentCoreRuntime",
    },
    {
      "id": "PromoPilot-alpha-Canary/ReviewerFinderCanary--PromoPilot-beta-Canary/CanaryTestEmployee",
      "label": "writes",
      "sourceId": "PromoPilot-alpha-Canary/ReviewerFinderCanary",
      "targetId": "PromoPilot-beta-Canary/CanaryTestEmployee",
    },
    {
      "id": "PromoPilot-alpha-Canary/ReviewerSorterCanary--PromoPilot-alpha-Runtime/AgentCoreRuntime",
      "label": "invokes",
      "sourceId": "PromoPilot-alpha-Canary/ReviewerSorterCanary",
      "targetId": "PromoPilot-alpha-Runtime/AgentCoreRuntime",
    },
    {
      "id": "PromoPilot-alpha-Canary/ReviewerSorterCanary--PromoPilot-beta-Canary/CanaryTestEmployee",
      "label": "writes",
      "sourceId": "PromoPilot-alpha-Canary/ReviewerSorterCanary",
      "targetId": "PromoPilot-beta-Canary/CanaryTestEmployee",
    },
    {
      "id": "PromoPilot-alpha-ChatProxy/ChatRelayDispatcher--PromoPilot-beta-ChatProxy/ChatRelayWorker",
      "label": "invokes",
      "sourceId": "PromoPilot-alpha-ChatProxy/ChatRelayDispatcher",
      "targetId": "PromoPilot-beta-ChatProxy/ChatRelayWorker",
    },
    {
      "id": "PromoPilot-alpha-ChatProxy/ChatRelayDispatcher--PromoPilot-beta-ChatProxy/ChatSessionTable",
      "label": "reads/writes",
      "sourceId": "PromoPilot-alpha-ChatProxy/ChatRelayDispatcher",
      "targetId": "PromoPilot-beta-ChatProxy/ChatSessionTable",
    },
    {
      "id": "PromoPilot-alpha-ChatProxy/ChatRelayWorker--PromoPilot-alpha-Runtime/AgentCoreRuntime",
      "label": "invokes",
      "sourceId": "PromoPilot-alpha-ChatProxy/ChatRelayWorker",
      "targetId": "PromoPilot-alpha-Runtime/AgentCoreRuntime",
    },
    {
      "id": "PromoPilot-alpha-ChatProxy/ChatRelayWorker--PromoPilot-beta-ChatProxy/PromoPilotTable",
      "label": "reads/writes",
      "sourceId": "PromoPilot-alpha-ChatProxy/ChatRelayWorker",
      "targetId": "PromoPilot-beta-ChatProxy/PromoPilotTable",
    },
    {
      "id": "PromoPilot-alpha-ChatProxy/ChatWebSocketApi--PromoPilot-beta-ChatProxy/ChatRelayDispatcher",
      "label": "invokes",
      "sourceId": "PromoPilot-alpha-ChatProxy/ChatWebSocketApi",
      "targetId": "PromoPilot-beta-ChatProxy/ChatRelayDispatcher",
    },
    {
      "id": "PromoPilot-alpha-Gateway/Gateway/Resource--PromoPilot-alpha-Mcp/McpLambda",
      "label": "invokes",
      "sourceId": "PromoPilot-alpha-Gateway/Gateway/Resource",
      "targetId": "PromoPilot-alpha-Mcp/McpLambda",
    },
    {
      "id": "PromoPilot-alpha-RestApi/ServiceLambda--PromoPilot-alpha-ChatProxy/PromoPilotTable",
      "label": "reads/writes",
      "sourceId": "PromoPilot-alpha-RestApi/ServiceLambda",
      "targetId": "PromoPilot-alpha-ChatProxy/PromoPilotTable",
    },
    {
      "id": "PromoPilot-alpha-RestApi/ServiceLambda--PromoPilot-alpha-Runtime/AgentCoreRuntime",
      "label": "invokes",
      "sourceId": "PromoPilot-alpha-RestApi/ServiceLambda",
      "targetId": "PromoPilot-alpha-Runtime/AgentCoreRuntime",
    },
    {
      "id": "PromoPilot-alpha-Runtime/AgentCoreRuntime--PromoPilot-alpha-AsyncLifecycle/LifecycleStateMachine",
      "label": "starts",
      "sourceId": "PromoPilot-alpha-Runtime/AgentCoreRuntime",
      "targetId": "PromoPilot-alpha-AsyncLifecycle/LifecycleStateMachine",
    },
    {
      "id": "PromoPilot-alpha-Runtime/AgentCoreRuntime--PromoPilot-alpha-Gateway/Gateway/Resource",
      "label": "invokes",
      "sourceId": "PromoPilot-alpha-Runtime/AgentCoreRuntime",
      "targetId": "PromoPilot-alpha-Gateway/Gateway/Resource",
    },
    {
      "id": "PromoPilot-alpha-Runtime/AgentCoreRuntime--PromoPilot-alpha-Secrets/SlackBotToken",
      "label": "reads",
      "sourceId": "PromoPilot-alpha-Runtime/AgentCoreRuntime",
      "targetId": "PromoPilot-alpha-Secrets/SlackBotToken",
    },
    {
      "id": "PromoPilot-beta-AsyncLifecycle/LifecycleLambda--PromoPilot-beta-Runtime/AgentCoreRuntime",
      "label": "invokes",
      "sourceId": "PromoPilot-beta-AsyncLifecycle/LifecycleLambda",
      "targetId": "PromoPilot-beta-Runtime/AgentCoreRuntime",
    },
    {
      "id": "PromoPilot-beta-AsyncLifecycle/LifecycleStateMachine--PromoPilot-beta-AsyncLifecycle/LifecycleLambda",
      "label": "invokes",
      "sourceId": "PromoPilot-beta-AsyncLifecycle/LifecycleStateMachine",
      "targetId": "PromoPilot-beta-AsyncLifecycle/LifecycleLambda",
    },
    {
      "id": "PromoPilot-beta-Canary/CanaryRotation--PromoPilot-beta-Canary/CanaryTestEmployee",
      "label": "writes",
      "sourceId": "PromoPilot-beta-Canary/CanaryRotation",
      "targetId": "PromoPilot-beta-Canary/CanaryTestEmployee",
    },
    {
      "id": "PromoPilot-beta-Canary/CanaryRotation--PromoPilot-beta-Mcp/McpLambda",
      "label": "invokes (via alias)",
      "sourceId": "PromoPilot-beta-Canary/CanaryRotation",
      "targetId": "PromoPilot-beta-Mcp/McpLambda",
    },
    {
      "id": "PromoPilot-beta-Canary/CanaryRunner--PromoPilot-beta-Canary/CanaryTestEmployee",
      "label": "writes",
      "sourceId": "PromoPilot-beta-Canary/CanaryRunner",
      "targetId": "PromoPilot-beta-Canary/CanaryTestEmployee",
    },
    {
      "id": "PromoPilot-beta-Canary/CanaryRunner--PromoPilot-beta-ChatProxy/ChatWebSocketApi",
      "label": "invokes",
      "sourceId": "PromoPilot-beta-Canary/CanaryRunner",
      "targetId": "PromoPilot-beta-ChatProxy/ChatWebSocketApi",
    },
    {
      "id": "PromoPilot-beta-Canary/RestApiCanaryRunner--PromoPilot-beta-Canary/CanaryTestEmployee",
      "label": "writes",
      "sourceId": "PromoPilot-beta-Canary/RestApiCanaryRunner",
      "targetId": "PromoPilot-beta-Canary/CanaryTestEmployee",
    },
    {
      "id": "PromoPilot-beta-Canary/RestApiCanaryRunner--PromoPilot-beta-RestApi/ServiceRestApi",
      "label": "invokes",
      "sourceId": "PromoPilot-beta-Canary/RestApiCanaryRunner",
      "targetId": "PromoPilot-beta-RestApi/ServiceRestApi",
    },
    {
      "id": "PromoPilot-beta-Canary/ReviewerFinderCanary--PromoPilot-beta-Canary/CanaryTestEmployee",
      "label": "writes",
      "sourceId": "PromoPilot-beta-Canary/ReviewerFinderCanary",
      "targetId": "PromoPilot-beta-Canary/CanaryTestEmployee",
    },
    {
      "id": "PromoPilot-beta-Canary/ReviewerFinderCanary--PromoPilot-beta-Runtime/AgentCoreRuntime",
      "label": "invokes",
      "sourceId": "PromoPilot-beta-Canary/ReviewerFinderCanary",
      "targetId": "PromoPilot-beta-Runtime/AgentCoreRuntime",
    },
    {
      "id": "PromoPilot-beta-Canary/ReviewerSorterCanary--PromoPilot-beta-Canary/CanaryTestEmployee",
      "label": "writes",
      "sourceId": "PromoPilot-beta-Canary/ReviewerSorterCanary",
      "targetId": "PromoPilot-beta-Canary/CanaryTestEmployee",
    },
    {
      "id": "PromoPilot-beta-Canary/ReviewerSorterCanary--PromoPilot-beta-Runtime/AgentCoreRuntime",
      "label": "invokes",
      "sourceId": "PromoPilot-beta-Canary/ReviewerSorterCanary",
      "targetId": "PromoPilot-beta-Runtime/AgentCoreRuntime",
    },
    {
      "id": "PromoPilot-beta-ChatProxy/ChatRelayDispatcher--PromoPilot-beta-ChatProxy/ChatRelayWorker",
      "label": "invokes",
      "sourceId": "PromoPilot-beta-ChatProxy/ChatRelayDispatcher",
      "targetId": "PromoPilot-beta-ChatProxy/ChatRelayWorker",
    },
    {
      "id": "PromoPilot-beta-ChatProxy/ChatRelayDispatcher--PromoPilot-beta-ChatProxy/ChatSessionTable",
      "label": "reads/writes",
      "sourceId": "PromoPilot-beta-ChatProxy/ChatRelayDispatcher",
      "targetId": "PromoPilot-beta-ChatProxy/ChatSessionTable",
    },
    {
      "id": "PromoPilot-beta-ChatProxy/ChatRelayWorker--PromoPilot-beta-ChatProxy/PromoPilotTable",
      "label": "reads/writes",
      "sourceId": "PromoPilot-beta-ChatProxy/ChatRelayWorker",
      "targetId": "PromoPilot-beta-ChatProxy/PromoPilotTable",
    },
    {
      "id": "PromoPilot-beta-ChatProxy/ChatRelayWorker--PromoPilot-beta-Runtime/AgentCoreRuntime",
      "label": "invokes",
      "sourceId": "PromoPilot-beta-ChatProxy/ChatRelayWorker",
      "targetId": "PromoPilot-beta-Runtime/AgentCoreRuntime",
    },
    {
      "id": "PromoPilot-beta-ChatProxy/ChatWebSocketApi--PromoPilot-beta-ChatProxy/ChatRelayDispatcher",
      "label": "invokes",
      "sourceId": "PromoPilot-beta-ChatProxy/ChatWebSocketApi",
      "targetId": "PromoPilot-beta-ChatProxy/ChatRelayDispatcher",
    },
    {
      "id": "PromoPilot-beta-Gateway/Gateway/Resource--PromoPilot-beta-Mcp/McpLambda",
      "label": "invokes",
      "sourceId": "PromoPilot-beta-Gateway/Gateway/Resource",
      "targetId": "PromoPilot-beta-Mcp/McpLambda",
    },
    {
      "id": "PromoPilot-beta-RestApi/ServiceLambda--PromoPilot-beta-ChatProxy/PromoPilotTable",
      "label": "reads/writes",
      "sourceId": "PromoPilot-beta-RestApi/ServiceLambda",
      "targetId": "PromoPilot-beta-ChatProxy/PromoPilotTable",
    },
    {
      "id": "PromoPilot-beta-RestApi/ServiceLambda--PromoPilot-beta-Runtime/AgentCoreRuntime",
      "label": "invokes",
      "sourceId": "PromoPilot-beta-RestApi/ServiceLambda",
      "targetId": "PromoPilot-beta-Runtime/AgentCoreRuntime",
    },
    {
      "id": "PromoPilot-beta-RestApi/ServiceRestApi--PromoPilot-alpha-RestApi/ServiceLambda",
      "label": "invokes",
      "sourceId": "PromoPilot-beta-RestApi/ServiceRestApi",
      "targetId": "PromoPilot-alpha-RestApi/ServiceLambda",
    },
    {
      "id": "PromoPilot-beta-RestApi/ServiceRestApi--PromoPilot-beta-RestApi/ServiceLambda",
      "label": "invokes",
      "sourceId": "PromoPilot-beta-RestApi/ServiceRestApi",
      "targetId": "PromoPilot-beta-RestApi/ServiceLambda",
    },
    {
      "id": "PromoPilot-beta-RestApi/ServiceRestApi--PromoPilot-gamma-RestApi/ServiceLambda",
      "label": "invokes",
      "sourceId": "PromoPilot-beta-RestApi/ServiceRestApi",
      "targetId": "PromoPilot-gamma-RestApi/ServiceLambda",
    },
    {
      "id": "PromoPilot-beta-Runtime/AgentCoreRuntime--PromoPilot-beta-AsyncLifecycle/LifecycleStateMachine",
      "label": "starts",
      "sourceId": "PromoPilot-beta-Runtime/AgentCoreRuntime",
      "targetId": "PromoPilot-beta-AsyncLifecycle/LifecycleStateMachine",
    },
    {
      "id": "PromoPilot-beta-Runtime/AgentCoreRuntime--PromoPilot-beta-Gateway/Gateway/Resource",
      "label": "invokes",
      "sourceId": "PromoPilot-beta-Runtime/AgentCoreRuntime",
      "targetId": "PromoPilot-beta-Gateway/Gateway/Resource",
    },
    {
      "id": "PromoPilot-beta-Runtime/AgentCoreRuntime--PromoPilot-beta-Secrets/SlackBotToken",
      "label": "reads",
      "sourceId": "PromoPilot-beta-Runtime/AgentCoreRuntime",
      "targetId": "PromoPilot-beta-Secrets/SlackBotToken",
    },
    {
      "id": "PromoPilot-gamma-AsyncLifecycle/LifecycleLambda--PromoPilot-gamma-Runtime/AgentCoreRuntime",
      "label": "invokes",
      "sourceId": "PromoPilot-gamma-AsyncLifecycle/LifecycleLambda",
      "targetId": "PromoPilot-gamma-Runtime/AgentCoreRuntime",
    },
    {
      "id": "PromoPilot-gamma-AsyncLifecycle/LifecycleStateMachine--PromoPilot-beta-AsyncLifecycle/LifecycleLambda",
      "label": "invokes",
      "sourceId": "PromoPilot-gamma-AsyncLifecycle/LifecycleStateMachine",
      "targetId": "PromoPilot-beta-AsyncLifecycle/LifecycleLambda",
    },
    {
      "id": "PromoPilot-gamma-Canary/CanaryRotation--PromoPilot-beta-Canary/CanaryTestEmployee",
      "label": "writes",
      "sourceId": "PromoPilot-gamma-Canary/CanaryRotation",
      "targetId": "PromoPilot-beta-Canary/CanaryTestEmployee",
    },
    {
      "id": "PromoPilot-gamma-Canary/CanaryRotation--PromoPilot-gamma-Mcp/McpLambda",
      "label": "invokes (via alias)",
      "sourceId": "PromoPilot-gamma-Canary/CanaryRotation",
      "targetId": "PromoPilot-gamma-Mcp/McpLambda",
    },
    {
      "id": "PromoPilot-gamma-Canary/CanaryRunner--PromoPilot-beta-Canary/CanaryTestEmployee",
      "label": "writes",
      "sourceId": "PromoPilot-gamma-Canary/CanaryRunner",
      "targetId": "PromoPilot-beta-Canary/CanaryTestEmployee",
    },
    {
      "id": "PromoPilot-gamma-Canary/CanaryRunner--PromoPilot-gamma-ChatProxy/ChatWebSocketApi",
      "label": "invokes",
      "sourceId": "PromoPilot-gamma-Canary/CanaryRunner",
      "targetId": "PromoPilot-gamma-ChatProxy/ChatWebSocketApi",
    },
    {
      "id": "PromoPilot-gamma-Canary/RestApiCanaryRunner--PromoPilot-beta-Canary/CanaryTestEmployee",
      "label": "writes",
      "sourceId": "PromoPilot-gamma-Canary/RestApiCanaryRunner",
      "targetId": "PromoPilot-beta-Canary/CanaryTestEmployee",
    },
    {
      "id": "PromoPilot-gamma-Canary/RestApiCanaryRunner--PromoPilot-gamma-RestApi/ServiceRestApi",
      "label": "invokes",
      "sourceId": "PromoPilot-gamma-Canary/RestApiCanaryRunner",
      "targetId": "PromoPilot-gamma-RestApi/ServiceRestApi",
    },
    {
      "id": "PromoPilot-gamma-Canary/ReviewerFinderCanary--PromoPilot-beta-Canary/CanaryTestEmployee",
      "label": "writes",
      "sourceId": "PromoPilot-gamma-Canary/ReviewerFinderCanary",
      "targetId": "PromoPilot-beta-Canary/CanaryTestEmployee",
    },
    {
      "id": "PromoPilot-gamma-Canary/ReviewerFinderCanary--PromoPilot-gamma-Runtime/AgentCoreRuntime",
      "label": "invokes",
      "sourceId": "PromoPilot-gamma-Canary/ReviewerFinderCanary",
      "targetId": "PromoPilot-gamma-Runtime/AgentCoreRuntime",
    },
    {
      "id": "PromoPilot-gamma-Canary/ReviewerSorterCanary--PromoPilot-beta-Canary/CanaryTestEmployee",
      "label": "writes",
      "sourceId": "PromoPilot-gamma-Canary/ReviewerSorterCanary",
      "targetId": "PromoPilot-beta-Canary/CanaryTestEmployee",
    },
    {
      "id": "PromoPilot-gamma-Canary/ReviewerSorterCanary--PromoPilot-gamma-Runtime/AgentCoreRuntime",
      "label": "invokes",
      "sourceId": "PromoPilot-gamma-Canary/ReviewerSorterCanary",
      "targetId": "PromoPilot-gamma-Runtime/AgentCoreRuntime",
    },
    {
      "id": "PromoPilot-gamma-ChatProxy/ChatRelayDispatcher--PromoPilot-beta-ChatProxy/ChatRelayWorker",
      "label": "invokes",
      "sourceId": "PromoPilot-gamma-ChatProxy/ChatRelayDispatcher",
      "targetId": "PromoPilot-beta-ChatProxy/ChatRelayWorker",
    },
    {
      "id": "PromoPilot-gamma-ChatProxy/ChatRelayDispatcher--PromoPilot-beta-ChatProxy/ChatSessionTable",
      "label": "reads/writes",
      "sourceId": "PromoPilot-gamma-ChatProxy/ChatRelayDispatcher",
      "targetId": "PromoPilot-beta-ChatProxy/ChatSessionTable",
    },
    {
      "id": "PromoPilot-gamma-ChatProxy/ChatRelayWorker--PromoPilot-beta-ChatProxy/PromoPilotTable",
      "label": "reads/writes",
      "sourceId": "PromoPilot-gamma-ChatProxy/ChatRelayWorker",
      "targetId": "PromoPilot-beta-ChatProxy/PromoPilotTable",
    },
    {
      "id": "PromoPilot-gamma-ChatProxy/ChatRelayWorker--PromoPilot-gamma-Runtime/AgentCoreRuntime",
      "label": "invokes",
      "sourceId": "PromoPilot-gamma-ChatProxy/ChatRelayWorker",
      "targetId": "PromoPilot-gamma-Runtime/AgentCoreRuntime",
    },
    {
      "id": "PromoPilot-gamma-ChatProxy/ChatWebSocketApi--PromoPilot-beta-ChatProxy/ChatRelayDispatcher",
      "label": "invokes",
      "sourceId": "PromoPilot-gamma-ChatProxy/ChatWebSocketApi",
      "targetId": "PromoPilot-beta-ChatProxy/ChatRelayDispatcher",
    },
    {
      "id": "PromoPilot-gamma-Gateway/Gateway/Resource--PromoPilot-gamma-Mcp/McpLambda",
      "label": "invokes",
      "sourceId": "PromoPilot-gamma-Gateway/Gateway/Resource",
      "targetId": "PromoPilot-gamma-Mcp/McpLambda",
    },
    {
      "id": "PromoPilot-gamma-RestApi/ServiceLambda--PromoPilot-gamma-ChatProxy/PromoPilotTable",
      "label": "reads/writes",
      "sourceId": "PromoPilot-gamma-RestApi/ServiceLambda",
      "targetId": "PromoPilot-gamma-ChatProxy/PromoPilotTable",
    },
    {
      "id": "PromoPilot-gamma-RestApi/ServiceLambda--PromoPilot-gamma-Runtime/AgentCoreRuntime",
      "label": "invokes",
      "sourceId": "PromoPilot-gamma-RestApi/ServiceLambda",
      "targetId": "PromoPilot-gamma-Runtime/AgentCoreRuntime",
    },
    {
      "id": "PromoPilot-gamma-Runtime/AgentCoreRuntime--PromoPilot-gamma-AsyncLifecycle/LifecycleStateMachine",
      "label": "starts",
      "sourceId": "PromoPilot-gamma-Runtime/AgentCoreRuntime",
      "targetId": "PromoPilot-gamma-AsyncLifecycle/LifecycleStateMachine",
    },
    {
      "id": "PromoPilot-gamma-Runtime/AgentCoreRuntime--PromoPilot-gamma-Gateway/Gateway/Resource",
      "label": "invokes",
      "sourceId": "PromoPilot-gamma-Runtime/AgentCoreRuntime",
      "targetId": "PromoPilot-gamma-Gateway/Gateway/Resource",
    },
    {
      "id": "PromoPilot-gamma-Runtime/AgentCoreRuntime--PromoPilot-gamma-Secrets/SlackBotToken",
      "label": "reads",
      "sourceId": "PromoPilot-gamma-Runtime/AgentCoreRuntime",
      "targetId": "PromoPilot-gamma-Secrets/SlackBotToken",
    },
  ],
  "roots": [
    "PromoPilot-alpha-AsyncLifecycle/LifecycleLambda",
    "PromoPilot-alpha-AsyncLifecycle/LifecycleStateMachine",
    "PromoPilot-alpha-Canary/CanaryRotation",
    "PromoPilot-alpha-Canary/CanaryRunner",
    "PromoPilot-alpha-Canary/CanaryTestEmployee",
    "PromoPilot-alpha-Canary/RestApiCanaryRunner",
    "PromoPilot-alpha-Canary/ReviewerFinderCanary",
    "PromoPilot-alpha-Canary/ReviewerSorterCanary",
    "PromoPilot-alpha-ChatProxy/ChatRelayDispatcher",
    "PromoPilot-alpha-ChatProxy/ChatRelayWorker",
    "PromoPilot-alpha-ChatProxy/ChatSessionTable",
    "PromoPilot-alpha-ChatProxy/ChatWebSocketApi",
    "PromoPilot-alpha-ChatProxy/PromoPilotTable",
    "PromoPilot-alpha-Gateway/Gateway/Resource",
    "PromoPilot-alpha-Mcp/McpLambda",
    "PromoPilot-alpha-RestApi/ServiceLambda",
    "PromoPilot-alpha-RestApi/ServiceRestApi",
    "PromoPilot-alpha-Runtime/AgentCoreRuntime",
    "PromoPilot-alpha-Secrets/SlackBotToken",
    "PromoPilot-beta-AsyncLifecycle/LifecycleLambda",
    "PromoPilot-beta-AsyncLifecycle/LifecycleStateMachine",
    "PromoPilot-beta-Canary/CanaryRotation",
    "PromoPilot-beta-Canary/CanaryRunner",
    "PromoPilot-beta-Canary/CanaryTestEmployee",
    "PromoPilot-beta-Canary/RestApiCanaryRunner",
    "PromoPilot-beta-Canary/ReviewerFinderCanary",
    "PromoPilot-beta-Canary/ReviewerSorterCanary",
    "PromoPilot-beta-ChatProxy/ChatRelayDispatcher",
    "PromoPilot-beta-ChatProxy/ChatRelayWorker",
    "PromoPilot-beta-ChatProxy/ChatSessionTable",
    "PromoPilot-beta-ChatProxy/ChatWebSocketApi",
    "PromoPilot-beta-ChatProxy/PromoPilotTable",
    "PromoPilot-beta-Gateway/Gateway/Resource",
    "PromoPilot-beta-Mcp/McpLambda",
    "PromoPilot-beta-RestApi/ServiceLambda",
    "PromoPilot-beta-RestApi/ServiceRestApi",
    "PromoPilot-beta-Runtime/AgentCoreRuntime",
    "PromoPilot-beta-Secrets/SlackBotToken",
    "PromoPilot-gamma-AsyncLifecycle/LifecycleLambda",
    "PromoPilot-gamma-AsyncLifecycle/LifecycleStateMachine",
    "PromoPilot-gamma-Canary/CanaryRotation",
    "PromoPilot-gamma-Canary/CanaryRunner",
    "PromoPilot-gamma-Canary/CanaryTestEmployee",
    "PromoPilot-gamma-Canary/RestApiCanaryRunner",
    "PromoPilot-gamma-Canary/ReviewerFinderCanary",
    "PromoPilot-gamma-Canary/ReviewerSorterCanary",
    "PromoPilot-gamma-ChatProxy/ChatRelayDispatcher",
    "PromoPilot-gamma-ChatProxy/ChatRelayWorker",
    "PromoPilot-gamma-ChatProxy/ChatSessionTable",
    "PromoPilot-gamma-ChatProxy/ChatWebSocketApi",
    "PromoPilot-gamma-ChatProxy/PromoPilotTable",
    "PromoPilot-gamma-Gateway/Gateway/Resource",
    "PromoPilot-gamma-Mcp/McpLambda",
    "PromoPilot-gamma-RestApi/ServiceLambda",
    "PromoPilot-gamma-RestApi/ServiceRestApi",
    "PromoPilot-gamma-Runtime/AgentCoreRuntime",
    "PromoPilot-gamma-Secrets/SlackBotToken",
  ],
}
`;
